// Jest Snapshot v1, https://goo.gl/fbAQLP

exports[`Homepage Homepage should match snapshot 1`] = `ShallowWrapper {}`;
