// Jest Snapshot v1, https://goo.gl/fbAQLP

exports[`CompletionScreen CompletionScreen should match snapshot 1`] = `ShallowWrapper {}`;
